/home/seleniumbddtestframework/src/test/java/hooks/MyHooks.java
/home/seleniumbddtestframework/src/test/java/runner/CampaignRunner.java
/home/seleniumbddtestframework/src/test/java/runner/LoginRunner.java
/home/seleniumbddtestframework/src/test/java/runner/LoginWithDataRunner.java
/home/seleniumbddtestframework/src/test/java/runner/OrderConfirmationRunner.java
/home/seleniumbddtestframework/src/test/java/runner/ProfileRunner.java
/home/seleniumbddtestframework/src/test/java/runner/RegistrationRunner.java
/home/seleniumbddtestframework/src/test/java/runner/ScenarioOulineRunner.java
/home/seleniumbddtestframework/src/test/java/steps/AddingProductSteps.java
/home/seleniumbddtestframework/src/test/java/steps/CampaignSteps.java
/home/seleniumbddtestframework/src/test/java/steps/LoginSteps.java
/home/seleniumbddtestframework/src/test/java/steps/LoginWithDataSteps.java
/home/seleniumbddtestframework/src/test/java/steps/OrderConfirmationSteps.java
/home/seleniumbddtestframework/src/test/java/steps/ProfileSteps.java
/home/seleniumbddtestframework/src/test/java/steps/RegistrationSteps.java
/home/seleniumbddtestframework/src/test/java/steps/ScenarioOutlineSteps.java
/home/seleniumbddtestframework/src/test/java/uiappfeature/AmazonFailedScenarioRunner.java
/home/seleniumbddtestframework/src/test/java/uiappfeature/AmazonTestRunner.java
/home/seleniumbddtestframework/src/test/java/uiappfeature/AppHooks.java
/home/seleniumbddtestframework/src/test/java/uiappfeature/HomePageSteps.java
/home/seleniumbddtestframework/src/test/java/uiappfeature/SearchProductSteps.java
/home/seleniumbddtestframework/src/test/java/utility/PropReader.java
